<?php return array (
  'Doctrine\\Bundle\\DoctrineBundle\\DoctrineBundle' => 
  \Contao\ManagerPlugin\Bundle\Config\BundleConfig::__set_state(array(
     'name' => 'Doctrine\\Bundle\\DoctrineBundle\\DoctrineBundle',
     'replace' => 
    array (
    ),
     'loadAfter' => 
    array (
    ),
     'loadInProduction' => true,
     'loadInDevelopment' => true,
  )),
  'Symfony\\Bundle\\FrameworkBundle\\FrameworkBundle' => 
  \Contao\ManagerPlugin\Bundle\Config\BundleConfig::__set_state(array(
     'name' => 'Symfony\\Bundle\\FrameworkBundle\\FrameworkBundle',
     'replace' => 
    array (
    ),
     'loadAfter' => 
    array (
    ),
     'loadInProduction' => true,
     'loadInDevelopment' => true,
  )),
  'Symfony\\Bundle\\MonologBundle\\MonologBundle' => 
  \Contao\ManagerPlugin\Bundle\Config\BundleConfig::__set_state(array(
     'name' => 'Symfony\\Bundle\\MonologBundle\\MonologBundle',
     'replace' => 
    array (
    ),
     'loadAfter' => 
    array (
    ),
     'loadInProduction' => true,
     'loadInDevelopment' => true,
  )),
  'FOS\\HttpCacheBundle\\FOSHttpCacheBundle' => 
  \Contao\ManagerPlugin\Bundle\Config\BundleConfig::__set_state(array(
     'name' => 'FOS\\HttpCacheBundle\\FOSHttpCacheBundle',
     'replace' => 
    array (
    ),
     'loadAfter' => 
    array (
    ),
     'loadInProduction' => true,
     'loadInDevelopment' => true,
  )),
  'Nelmio\\CorsBundle\\NelmioCorsBundle' => 
  \Contao\ManagerPlugin\Bundle\Config\BundleConfig::__set_state(array(
     'name' => 'Nelmio\\CorsBundle\\NelmioCorsBundle',
     'replace' => 
    array (
    ),
     'loadAfter' => 
    array (
    ),
     'loadInProduction' => true,
     'loadInDevelopment' => true,
  )),
  'Nelmio\\SecurityBundle\\NelmioSecurityBundle' => 
  \Contao\ManagerPlugin\Bundle\Config\BundleConfig::__set_state(array(
     'name' => 'Nelmio\\SecurityBundle\\NelmioSecurityBundle',
     'replace' => 
    array (
    ),
     'loadAfter' => 
    array (
    ),
     'loadInProduction' => true,
     'loadInDevelopment' => true,
  )),
  'Scheb\\TwoFactorBundle\\SchebTwoFactorBundle' => 
  \Contao\ManagerPlugin\Bundle\Config\BundleConfig::__set_state(array(
     'name' => 'Scheb\\TwoFactorBundle\\SchebTwoFactorBundle',
     'replace' => 
    array (
    ),
     'loadAfter' => 
    array (
    ),
     'loadInProduction' => true,
     'loadInDevelopment' => true,
  )),
  'Twig\\Extra\\TwigExtraBundle\\TwigExtraBundle' => 
  \Contao\ManagerPlugin\Bundle\Config\BundleConfig::__set_state(array(
     'name' => 'Twig\\Extra\\TwigExtraBundle\\TwigExtraBundle',
     'replace' => 
    array (
    ),
     'loadAfter' => 
    array (
    ),
     'loadInProduction' => true,
     'loadInDevelopment' => true,
  )),
  'Code4Nix\\UriSigner\\Code4NixUriSigner' => 
  \Contao\ManagerPlugin\Bundle\Config\BundleConfig::__set_state(array(
     'name' => 'Code4Nix\\UriSigner\\Code4NixUriSigner',
     'replace' => 
    array (
    ),
     'loadAfter' => 
    array (
    ),
     'loadInProduction' => true,
     'loadInDevelopment' => true,
  )),
  'Knp\\Bundle\\MenuBundle\\KnpMenuBundle' => 
  \Contao\ManagerPlugin\Bundle\Config\BundleConfig::__set_state(array(
     'name' => 'Knp\\Bundle\\MenuBundle\\KnpMenuBundle',
     'replace' => 
    array (
    ),
     'loadAfter' => 
    array (
    ),
     'loadInProduction' => true,
     'loadInDevelopment' => true,
  )),
  'Knp\\Bundle\\TimeBundle\\KnpTimeBundle' => 
  \Contao\ManagerPlugin\Bundle\Config\BundleConfig::__set_state(array(
     'name' => 'Knp\\Bundle\\TimeBundle\\KnpTimeBundle',
     'replace' => 
    array (
    ),
     'loadAfter' => 
    array (
    ),
     'loadInProduction' => true,
     'loadInDevelopment' => true,
  )),
  'Symfony\\Cmf\\Bundle\\RoutingBundle\\CmfRoutingBundle' => 
  \Contao\ManagerPlugin\Bundle\Config\BundleConfig::__set_state(array(
     'name' => 'Symfony\\Cmf\\Bundle\\RoutingBundle\\CmfRoutingBundle',
     'replace' => 
    array (
    ),
     'loadAfter' => 
    array (
    ),
     'loadInProduction' => true,
     'loadInDevelopment' => true,
  )),
  'Symfony\\Bundle\\TwigBundle\\TwigBundle' => 
  \Contao\ManagerPlugin\Bundle\Config\BundleConfig::__set_state(array(
     'name' => 'Symfony\\Bundle\\TwigBundle\\TwigBundle',
     'replace' => 
    array (
    ),
     'loadAfter' => 
    array (
    ),
     'loadInProduction' => true,
     'loadInDevelopment' => true,
  )),
  'Terminal42\\ServiceAnnotationBundle\\Terminal42ServiceAnnotationBundle' => 
  \Contao\ManagerPlugin\Bundle\Config\BundleConfig::__set_state(array(
     'name' => 'Terminal42\\ServiceAnnotationBundle\\Terminal42ServiceAnnotationBundle',
     'replace' => 
    array (
    ),
     'loadAfter' => 
    array (
    ),
     'loadInProduction' => true,
     'loadInDevelopment' => true,
  )),
  'Symfony\\Bundle\\SecurityBundle\\SecurityBundle' => 
  \Contao\ManagerPlugin\Bundle\Config\BundleConfig::__set_state(array(
     'name' => 'Symfony\\Bundle\\SecurityBundle\\SecurityBundle',
     'replace' => 
    array (
    ),
     'loadAfter' => 
    array (
      0 => 'Symfony\\Bundle\\FrameworkBundle\\FrameworkBundle',
    ),
     'loadInProduction' => true,
     'loadInDevelopment' => true,
  )),
  'Contao\\CoreBundle\\ContaoCoreBundle' => 
  \Contao\ManagerPlugin\Bundle\Config\BundleConfig::__set_state(array(
     'name' => 'Contao\\CoreBundle\\ContaoCoreBundle',
     'replace' => 
    array (
      0 => 'core',
    ),
     'loadAfter' => 
    array (
      0 => 'Doctrine\\Bundle\\DoctrineBundle\\DoctrineBundle',
      1 => 'Knp\\Bundle\\MenuBundle\\KnpMenuBundle',
      2 => 'Knp\\Bundle\\TimeBundle\\KnpTimeBundle',
      3 => 'Nelmio\\CorsBundle\\NelmioCorsBundle',
      4 => 'Nelmio\\SecurityBundle\\NelmioSecurityBundle',
      5 => 'Scheb\\TwoFactorBundle\\SchebTwoFactorBundle',
      6 => 'Symfony\\Bundle\\FrameworkBundle\\FrameworkBundle',
      7 => 'Symfony\\Bundle\\MonologBundle\\MonologBundle',
      8 => 'Symfony\\Bundle\\SecurityBundle\\SecurityBundle',
      9 => 'Symfony\\Bundle\\TwigBundle\\TwigBundle',
      10 => 'Symfony\\Cmf\\Bundle\\RoutingBundle\\CmfRoutingBundle',
    ),
     'loadInProduction' => true,
     'loadInDevelopment' => true,
  )),
  'League\\FlysystemBundle\\FlysystemBundle' => 
  \Contao\ManagerPlugin\Bundle\Config\BundleConfig::__set_state(array(
     'name' => 'League\\FlysystemBundle\\FlysystemBundle',
     'replace' => 
    array (
    ),
     'loadAfter' => 
    array (
      0 => 'Contao\\CoreBundle\\ContaoCoreBundle',
    ),
     'loadInProduction' => true,
     'loadInDevelopment' => true,
  )),
  'Contao\\ManagerBundle\\ContaoManagerBundle' => 
  \Contao\ManagerPlugin\Bundle\Config\BundleConfig::__set_state(array(
     'name' => 'Contao\\ManagerBundle\\ContaoManagerBundle',
     'replace' => 
    array (
    ),
     'loadAfter' => 
    array (
      0 => 'Contao\\CoreBundle\\ContaoCoreBundle',
    ),
     'loadInProduction' => true,
     'loadInDevelopment' => true,
  )),
  'Heimseiten\\ContaoGoogleFontsRobotoBundle\\HeimseitenContaoGoogleFontsRobotoBundle' => 
  \Contao\ManagerPlugin\Bundle\Config\BundleConfig::__set_state(array(
     'name' => 'Heimseiten\\ContaoGoogleFontsRobotoBundle\\HeimseitenContaoGoogleFontsRobotoBundle',
     'replace' => 
    array (
    ),
     'loadAfter' => 
    array (
      0 => 'Contao\\CoreBundle\\ContaoCoreBundle',
    ),
     'loadInProduction' => true,
     'loadInDevelopment' => true,
  )),
  'Terminal42\\ConditionalformfieldsBundle\\Terminal42ConditionalformfieldsBundle' => 
  \Contao\ManagerPlugin\Bundle\Config\BundleConfig::__set_state(array(
     'name' => 'Terminal42\\ConditionalformfieldsBundle\\Terminal42ConditionalformfieldsBundle',
     'replace' => 
    array (
    ),
     'loadAfter' => 
    array (
      0 => 'Contao\\CoreBundle\\ContaoCoreBundle',
    ),
     'loadInProduction' => true,
     'loadInDevelopment' => true,
  )),
  'HeimrichHannot\\UtilsBundle\\HeimrichHannotUtilsBundle' => 
  \Contao\ManagerPlugin\Bundle\Config\BundleConfig::__set_state(array(
     'name' => 'HeimrichHannot\\UtilsBundle\\HeimrichHannotUtilsBundle',
     'replace' => 
    array (
    ),
     'loadAfter' => 
    array (
      0 => 'Contao\\CoreBundle\\ContaoCoreBundle',
    ),
     'loadInProduction' => true,
     'loadInDevelopment' => true,
  )),
  'Softleister\\TickerBundle\\TickerBundle' => 
  \Contao\ManagerPlugin\Bundle\Config\BundleConfig::__set_state(array(
     'name' => 'Softleister\\TickerBundle\\TickerBundle',
     'replace' => 
    array (
      0 => 'ticker',
    ),
     'loadAfter' => 
    array (
      0 => 'Contao\\CoreBundle\\ContaoCoreBundle',
    ),
     'loadInProduction' => true,
     'loadInDevelopment' => true,
  )),
  'Terminal42\\FolderpageBundle\\Terminal42FolderpageBundle' => 
  \Contao\ManagerPlugin\Bundle\Config\BundleConfig::__set_state(array(
     'name' => 'Terminal42\\FolderpageBundle\\Terminal42FolderpageBundle',
     'replace' => 
    array (
      0 => 'folderpage',
    ),
     'loadAfter' => 
    array (
      0 => 'Contao\\CoreBundle\\ContaoCoreBundle',
    ),
     'loadInProduction' => true,
     'loadInDevelopment' => true,
  )),
  'Bwein\\BackendCustomizer\\BweinBackendCustomizerBundle' => 
  \Contao\ManagerPlugin\Bundle\Config\BundleConfig::__set_state(array(
     'name' => 'Bwein\\BackendCustomizer\\BweinBackendCustomizerBundle',
     'replace' => 
    array (
    ),
     'loadAfter' => 
    array (
      0 => 'Bwein\\SystemInformation\\BweinSystemInformationBundle',
      1 => 'Contao\\CoreBundle\\ContaoCoreBundle',
    ),
     'loadInProduction' => true,
     'loadInDevelopment' => true,
  )),
  'Oveleon\\ContaoCookiebar\\ContaoCookiebar' => 
  \Contao\ManagerPlugin\Bundle\Config\BundleConfig::__set_state(array(
     'name' => 'Oveleon\\ContaoCookiebar\\ContaoCookiebar',
     'replace' => 
    array (
      0 => 'cookiebar',
    ),
     'loadAfter' => 
    array (
      0 => 'Contao\\CoreBundle\\ContaoCoreBundle',
    ),
     'loadInProduction' => true,
     'loadInDevelopment' => true,
  )),
  'MenAtWork\\MultiColumnWizardBundle\\MultiColumnWizardBundle' => 
  \Contao\ManagerPlugin\Bundle\Config\BundleConfig::__set_state(array(
     'name' => 'MenAtWork\\MultiColumnWizardBundle\\MultiColumnWizardBundle',
     'replace' => 
    array (
      0 => 'multicolumnwizard',
    ),
     'loadAfter' => 
    array (
      0 => 'Contao\\CoreBundle\\ContaoCoreBundle',
      1 => 'Contao\\ManagerBundle\\ContaoManagerBundle',
    ),
     'loadInProduction' => true,
     'loadInDevelopment' => true,
  )),
  'Terminal42\\InsertTagsBundle\\Terminal42InsertTagsBundle' => 
  \Contao\ManagerPlugin\Bundle\Config\BundleConfig::__set_state(array(
     'name' => 'Terminal42\\InsertTagsBundle\\Terminal42InsertTagsBundle',
     'replace' => 
    array (
    ),
     'loadAfter' => 
    array (
      0 => 'Contao\\CoreBundle\\ContaoCoreBundle',
    ),
     'loadInProduction' => true,
     'loadInDevelopment' => true,
  )),
  'ContaoThemesNet\\MaterialIconsInserttag\\ContaoThemesNetMaterialIconsInserttagBundle' => 
  \Contao\ManagerPlugin\Bundle\Config\BundleConfig::__set_state(array(
     'name' => 'ContaoThemesNet\\MaterialIconsInserttag\\ContaoThemesNetMaterialIconsInserttagBundle',
     'replace' => 
    array (
    ),
     'loadAfter' => 
    array (
      0 => 'Contao\\CoreBundle\\ContaoCoreBundle',
    ),
     'loadInProduction' => true,
     'loadInDevelopment' => true,
  )),
  'Heimseiten\\ContaoGoogleFontsOpenSansBundle\\HeimseitenContaoGoogleFontsOpenSansBundle' => 
  \Contao\ManagerPlugin\Bundle\Config\BundleConfig::__set_state(array(
     'name' => 'Heimseiten\\ContaoGoogleFontsOpenSansBundle\\HeimseitenContaoGoogleFontsOpenSansBundle',
     'replace' => 
    array (
    ),
     'loadAfter' => 
    array (
      0 => 'Contao\\CoreBundle\\ContaoCoreBundle',
    ),
     'loadInProduction' => true,
     'loadInDevelopment' => true,
  )),
  'Sineos\\FileManagerBundle\\FileManagerBundle' => 
  \Contao\ManagerPlugin\Bundle\Config\BundleConfig::__set_state(array(
     'name' => 'Sineos\\FileManagerBundle\\FileManagerBundle',
     'replace' => 
    array (
    ),
     'loadAfter' => 
    array (
      0 => 'Contao\\CoreBundle\\ContaoCoreBundle',
    ),
     'loadInProduction' => true,
     'loadInDevelopment' => true,
  )),
  'BugBuster\\ClientHintsRequestBundle\\BugBusterClientHintsRequestBundle' => 
  \Contao\ManagerPlugin\Bundle\Config\BundleConfig::__set_state(array(
     'name' => 'BugBuster\\ClientHintsRequestBundle\\BugBusterClientHintsRequestBundle',
     'replace' => 
    array (
    ),
     'loadAfter' => 
    array (
      0 => 'Contao\\CoreBundle\\ContaoCoreBundle',
    ),
     'loadInProduction' => true,
     'loadInDevelopment' => true,
  )),
  'Softleister\\PdfformsBundle\\SoftleisterPdfformsBundle' => 
  \Contao\ManagerPlugin\Bundle\Config\BundleConfig::__set_state(array(
     'name' => 'Softleister\\PdfformsBundle\\SoftleisterPdfformsBundle',
     'replace' => 
    array (
    ),
     'loadAfter' => 
    array (
      0 => 'Contao\\CoreBundle\\ContaoCoreBundle',
    ),
     'loadInProduction' => true,
     'loadInDevelopment' => true,
  )),
  'Markocupic\\ContaoBundleCreatorBundle\\MarkocupicContaoBundleCreatorBundle' => 
  \Contao\ManagerPlugin\Bundle\Config\BundleConfig::__set_state(array(
     'name' => 'Markocupic\\ContaoBundleCreatorBundle\\MarkocupicContaoBundleCreatorBundle',
     'replace' => 
    array (
    ),
     'loadAfter' => 
    array (
      0 => 'Contao\\CoreBundle\\ContaoCoreBundle',
    ),
     'loadInProduction' => true,
     'loadInDevelopment' => true,
  )),
  'BugBuster\\BotdetectionBundle\\BugBusterBotdetectionBundle' => 
  \Contao\ManagerPlugin\Bundle\Config\BundleConfig::__set_state(array(
     'name' => 'BugBuster\\BotdetectionBundle\\BugBusterBotdetectionBundle',
     'replace' => 
    array (
      0 => 'botdetection',
    ),
     'loadAfter' => 
    array (
      0 => 'Contao\\CoreBundle\\ContaoCoreBundle',
    ),
     'loadInProduction' => true,
     'loadInDevelopment' => true,
  )),
  'Markocupic\\ContaoTwigAssets\\MarkocupicContaoTwigAssets' => 
  \Contao\ManagerPlugin\Bundle\Config\BundleConfig::__set_state(array(
     'name' => 'Markocupic\\ContaoTwigAssets\\MarkocupicContaoTwigAssets',
     'replace' => 
    array (
    ),
     'loadAfter' => 
    array (
      0 => 'Contao\\CoreBundle\\ContaoCoreBundle',
    ),
     'loadInProduction' => true,
     'loadInDevelopment' => true,
  )),
  'Markocupic\\GalleryCreatorBundle\\MarkocupicGalleryCreatorBundle' => 
  \Contao\ManagerPlugin\Bundle\Config\BundleConfig::__set_state(array(
     'name' => 'Markocupic\\GalleryCreatorBundle\\MarkocupicGalleryCreatorBundle',
     'replace' => 
    array (
      0 => 'gallery_creator',
    ),
     'loadAfter' => 
    array (
      0 => 'Contao\\CoreBundle\\ContaoCoreBundle',
    ),
     'loadInProduction' => true,
     'loadInDevelopment' => true,
  )),
  'Contao\\FaqBundle\\ContaoFaqBundle' => 
  \Contao\ManagerPlugin\Bundle\Config\BundleConfig::__set_state(array(
     'name' => 'Contao\\FaqBundle\\ContaoFaqBundle',
     'replace' => 
    array (
      0 => 'faq',
    ),
     'loadAfter' => 
    array (
      0 => 'Contao\\CoreBundle\\ContaoCoreBundle',
    ),
     'loadInProduction' => true,
     'loadInDevelopment' => true,
  )),
  'Diversworld\\ContaoCheckBundle\\DiversworldContaoCheckBundle' => 
  \Contao\ManagerPlugin\Bundle\Config\BundleConfig::__set_state(array(
     'name' => 'Diversworld\\ContaoCheckBundle\\DiversworldContaoCheckBundle',
     'replace' => 
    array (
    ),
     'loadAfter' => 
    array (
      0 => 'Contao\\CoreBundle\\ContaoCoreBundle',
    ),
     'loadInProduction' => true,
     'loadInDevelopment' => true,
  )),
  'BugBuster\\VisitorsBundle\\BugBusterVisitorsBundle' => 
  \Contao\ManagerPlugin\Bundle\Config\BundleConfig::__set_state(array(
     'name' => 'BugBuster\\VisitorsBundle\\BugBusterVisitorsBundle',
     'replace' => 
    array (
      0 => 'visitors',
    ),
     'loadAfter' => 
    array (
      0 => 'BugBuster\\BotdetectionBundle\\BugBusterBotdetectionBundle',
    ),
     'loadInProduction' => true,
     'loadInDevelopment' => true,
  )),
  'Codefog\\HasteBundle\\CodefogHasteBundle' => 
  \Contao\ManagerPlugin\Bundle\Config\BundleConfig::__set_state(array(
     'name' => 'Codefog\\HasteBundle\\CodefogHasteBundle',
     'replace' => 
    array (
      0 => 'haste',
    ),
     'loadAfter' => 
    array (
      0 => 'Contao\\CoreBundle\\ContaoCoreBundle',
    ),
     'loadInProduction' => true,
     'loadInDevelopment' => true,
  )),
  'Softleister\\Ce_be_remarksBundle\\SoftleisterCe_be_remarksBundle' => 
  \Contao\ManagerPlugin\Bundle\Config\BundleConfig::__set_state(array(
     'name' => 'Softleister\\Ce_be_remarksBundle\\SoftleisterCe_be_remarksBundle',
     'replace' => 
    array (
      0 => 'ce_be_remarks',
    ),
     'loadAfter' => 
    array (
      0 => 'Contao\\CoreBundle\\ContaoCoreBundle',
    ),
     'loadInProduction' => true,
     'loadInDevelopment' => true,
  )),
  'Markocupic\\ZipBundle\\MarkocupicZipBundle' => 
  \Contao\ManagerPlugin\Bundle\Config\BundleConfig::__set_state(array(
     'name' => 'Markocupic\\ZipBundle\\MarkocupicZipBundle',
     'replace' => 
    array (
    ),
     'loadAfter' => 
    array (
      0 => 'Contao\\CoreBundle\\ContaoCoreBundle',
    ),
     'loadInProduction' => true,
     'loadInDevelopment' => true,
  )),
  'Heimseiten\\ContaoStickyFooterBackendBundle\\HeimseitenContaoStickyFooterBackendBundle' => 
  \Contao\ManagerPlugin\Bundle\Config\BundleConfig::__set_state(array(
     'name' => 'Heimseiten\\ContaoStickyFooterBackendBundle\\HeimseitenContaoStickyFooterBackendBundle',
     'replace' => 
    array (
    ),
     'loadAfter' => 
    array (
      0 => 'Contao\\CoreBundle\\ContaoCoreBundle',
    ),
     'loadInProduction' => true,
     'loadInDevelopment' => true,
  )),
  'Diversworld\\ContaoDucappBundle\\DiversworldContaoDucappBundle' => 
  \Contao\ManagerPlugin\Bundle\Config\BundleConfig::__set_state(array(
     'name' => 'Diversworld\\ContaoDucappBundle\\DiversworldContaoDucappBundle',
     'replace' => 
    array (
    ),
     'loadAfter' => 
    array (
      0 => 'Contao\\CoreBundle\\ContaoCoreBundle',
    ),
     'loadInProduction' => true,
     'loadInDevelopment' => true,
  )),
  'Terminal42\\DcawizardBundle\\Terminal42DcawizardBundle' => 
  \Contao\ManagerPlugin\Bundle\Config\BundleConfig::__set_state(array(
     'name' => 'Terminal42\\DcawizardBundle\\Terminal42DcawizardBundle',
     'replace' => 
    array (
      0 => 'dcawizard',
    ),
     'loadAfter' => 
    array (
      0 => 'Contao\\CoreBundle\\ContaoCoreBundle',
    ),
     'loadInProduction' => true,
     'loadInDevelopment' => true,
  )),
  'HeimrichHannot\\MultiColumnEditorBundle\\HeimrichHannotContaoMultiColumnEditorBundle' => 
  \Contao\ManagerPlugin\Bundle\Config\BundleConfig::__set_state(array(
     'name' => 'HeimrichHannot\\MultiColumnEditorBundle\\HeimrichHannotContaoMultiColumnEditorBundle',
     'replace' => 
    array (
    ),
     'loadAfter' => 
    array (
      0 => 'Contao\\CoreBundle\\ContaoCoreBundle',
      1 => 'HeimrichHannot\\UtilsBundle\\HeimrichHannotUtilsBundle',
      2 => 'multi_column_editor',
    ),
     'loadInProduction' => true,
     'loadInDevelopment' => true,
  )),
  'Markocupic\\ImportFromCsvBundle\\MarkocupicImportFromCsvBundle' => 
  \Contao\ManagerPlugin\Bundle\Config\BundleConfig::__set_state(array(
     'name' => 'Markocupic\\ImportFromCsvBundle\\MarkocupicImportFromCsvBundle',
     'replace' => 
    array (
      0 => 'import_from_csv',
    ),
     'loadAfter' => 
    array (
      0 => 'Contao\\CoreBundle\\ContaoCoreBundle',
    ),
     'loadInProduction' => true,
     'loadInDevelopment' => true,
  )),
  'BugBuster\\DlstatsBundle\\BugBusterDlstatsBundle' => 
  \Contao\ManagerPlugin\Bundle\Config\BundleConfig::__set_state(array(
     'name' => 'BugBuster\\DlstatsBundle\\BugBusterDlstatsBundle',
     'replace' => 
    array (
      0 => 'dlstats',
    ),
     'loadAfter' => 
    array (
      0 => 'Contao\\CoreBundle\\ContaoCoreBundle',
    ),
     'loadInProduction' => true,
     'loadInDevelopment' => true,
  )),
  'Mvo\\ContaoGroupWidget\\MvoContaoGroupWidgetBundle' => 
  \Contao\ManagerPlugin\Bundle\Config\BundleConfig::__set_state(array(
     'name' => 'Mvo\\ContaoGroupWidget\\MvoContaoGroupWidgetBundle',
     'replace' => 
    array (
    ),
     'loadAfter' => 
    array (
      0 => 'Contao\\CoreBundle\\ContaoCoreBundle',
    ),
     'loadInProduction' => true,
     'loadInDevelopment' => true,
  )),
  'HeimrichHannot\\AjaxBundle\\HeimrichHannotContaoAjaxBundle' => 
  \Contao\ManagerPlugin\Bundle\Config\BundleConfig::__set_state(array(
     'name' => 'HeimrichHannot\\AjaxBundle\\HeimrichHannotContaoAjaxBundle',
     'replace' => 
    array (
    ),
     'loadAfter' => 
    array (
      0 => 'Contao\\CoreBundle\\ContaoCoreBundle',
    ),
     'loadInProduction' => true,
     'loadInDevelopment' => true,
  )),
  'Pdir\\ThemeHelperBundle\\ThemeHelperBundle' => 
  \Contao\ManagerPlugin\Bundle\Config\BundleConfig::__set_state(array(
     'name' => 'Pdir\\ThemeHelperBundle\\ThemeHelperBundle',
     'replace' => 
    array (
    ),
     'loadAfter' => 
    array (
      0 => 'Contao\\CoreBundle\\ContaoCoreBundle',
    ),
     'loadInProduction' => true,
     'loadInDevelopment' => true,
  )),
  'Pdir\\ContaoStickyFooterBundle\\PdirContaoStickyFooterBundle' => 
  \Contao\ManagerPlugin\Bundle\Config\BundleConfig::__set_state(array(
     'name' => 'Pdir\\ContaoStickyFooterBundle\\PdirContaoStickyFooterBundle',
     'replace' => 
    array (
    ),
     'loadAfter' => 
    array (
      0 => 'Contao\\CoreBundle\\ContaoCoreBundle',
    ),
     'loadInProduction' => true,
     'loadInDevelopment' => true,
  )),
  'Markocupic\\BackendPasswordRecoveryBundle\\MarkocupicBackendPasswordRecoveryBundle' => 
  \Contao\ManagerPlugin\Bundle\Config\BundleConfig::__set_state(array(
     'name' => 'Markocupic\\BackendPasswordRecoveryBundle\\MarkocupicBackendPasswordRecoveryBundle',
     'replace' => 
    array (
    ),
     'loadAfter' => 
    array (
      0 => 'Contao\\CoreBundle\\ContaoCoreBundle',
    ),
     'loadInProduction' => true,
     'loadInDevelopment' => true,
  )),
  'Contao\\NewsBundle\\ContaoNewsBundle' => 
  \Contao\ManagerPlugin\Bundle\Config\BundleConfig::__set_state(array(
     'name' => 'Contao\\NewsBundle\\ContaoNewsBundle',
     'replace' => 
    array (
      0 => 'news',
    ),
     'loadAfter' => 
    array (
      0 => 'Contao\\CoreBundle\\ContaoCoreBundle',
    ),
     'loadInProduction' => true,
     'loadInDevelopment' => true,
  )),
  'Tastaturberuf\\ContaoImageCopyrightBundle\\TastaturberufContaoImageCopyrightBundle' => 
  \Contao\ManagerPlugin\Bundle\Config\BundleConfig::__set_state(array(
     'name' => 'Tastaturberuf\\ContaoImageCopyrightBundle\\TastaturberufContaoImageCopyrightBundle',
     'replace' => 
    array (
    ),
     'loadAfter' => 
    array (
      0 => 'Contao\\CoreBundle\\ContaoCoreBundle',
    ),
     'loadInProduction' => true,
     'loadInDevelopment' => true,
  )),
  'Terminal42\\PageimageBundle\\Terminal42PageimageBundle' => 
  \Contao\ManagerPlugin\Bundle\Config\BundleConfig::__set_state(array(
     'name' => 'Terminal42\\PageimageBundle\\Terminal42PageimageBundle',
     'replace' => 
    array (
    ),
     'loadAfter' => 
    array (
      0 => 'Contao\\CoreBundle\\ContaoCoreBundle',
    ),
     'loadInProduction' => true,
     'loadInDevelopment' => true,
  )),
  'Terminal42\\ConditionalSelectMenuBundle\\Terminal42ConditionalSelectMenuBundle' => 
  \Contao\ManagerPlugin\Bundle\Config\BundleConfig::__set_state(array(
     'name' => 'Terminal42\\ConditionalSelectMenuBundle\\Terminal42ConditionalSelectMenuBundle',
     'replace' => 
    array (
      0 => 'conditionalselectmenu',
    ),
     'loadAfter' => 
    array (
      0 => 'Contao\\CoreBundle\\ContaoCoreBundle',
    ),
     'loadInProduction' => true,
     'loadInDevelopment' => true,
  )),
  'InspiredMinds\\ContaoBackendFormsBundle\\ContaoBackendFormsBundle' => 
  \Contao\ManagerPlugin\Bundle\Config\BundleConfig::__set_state(array(
     'name' => 'InspiredMinds\\ContaoBackendFormsBundle\\ContaoBackendFormsBundle',
     'replace' => 
    array (
    ),
     'loadAfter' => 
    array (
      0 => 'Contao\\CoreBundle\\ContaoCoreBundle',
    ),
     'loadInProduction' => true,
     'loadInDevelopment' => true,
  )),
  'Terminal42\\LeadsBundle\\Terminal42LeadsBundle' => 
  \Contao\ManagerPlugin\Bundle\Config\BundleConfig::__set_state(array(
     'name' => 'Terminal42\\LeadsBundle\\Terminal42LeadsBundle',
     'replace' => 
    array (
      0 => 'leads',
    ),
     'loadAfter' => 
    array (
      0 => 'Contao\\CoreBundle\\ContaoCoreBundle',
    ),
     'loadInProduction' => true,
     'loadInDevelopment' => true,
  )),
  'Contao\\ListingBundle\\ContaoListingBundle' => 
  \Contao\ManagerPlugin\Bundle\Config\BundleConfig::__set_state(array(
     'name' => 'Contao\\ListingBundle\\ContaoListingBundle',
     'replace' => 
    array (
      0 => 'listing',
    ),
     'loadAfter' => 
    array (
      0 => 'Contao\\CoreBundle\\ContaoCoreBundle',
    ),
     'loadInProduction' => true,
     'loadInDevelopment' => true,
  )),
  'Pdir\\ContaoWebtoolsBundle\\PdirContaoWebtoolsBundle' => 
  \Contao\ManagerPlugin\Bundle\Config\BundleConfig::__set_state(array(
     'name' => 'Pdir\\ContaoWebtoolsBundle\\PdirContaoWebtoolsBundle',
     'replace' => 
    array (
    ),
     'loadAfter' => 
    array (
      0 => 'Contao\\CoreBundle\\ContaoCoreBundle',
    ),
     'loadInProduction' => true,
     'loadInDevelopment' => true,
  )),
  'Terminal42\\NotificationCenterBundle\\Terminal42NotificationCenterBundle' => 
  \Contao\ManagerPlugin\Bundle\Config\BundleConfig::__set_state(array(
     'name' => 'Terminal42\\NotificationCenterBundle\\Terminal42NotificationCenterBundle',
     'replace' => 
    array (
      0 => 'notification_center',
    ),
     'loadAfter' => 
    array (
      0 => 'Contao\\CoreBundle\\ContaoCoreBundle',
    ),
     'loadInProduction' => true,
     'loadInDevelopment' => true,
  )),
  'Contao\\CalendarBundle\\ContaoCalendarBundle' => 
  \Contao\ManagerPlugin\Bundle\Config\BundleConfig::__set_state(array(
     'name' => 'Contao\\CalendarBundle\\ContaoCalendarBundle',
     'replace' => 
    array (
      0 => 'calendar',
    ),
     'loadAfter' => 
    array (
      0 => 'Contao\\CoreBundle\\ContaoCoreBundle',
    ),
     'loadInProduction' => true,
     'loadInDevelopment' => true,
  )),
  'Markocupic\\ContaoAltchaAntispam\\MarkocupicContaoAltchaAntispam' => 
  \Contao\ManagerPlugin\Bundle\Config\BundleConfig::__set_state(array(
     'name' => 'Markocupic\\ContaoAltchaAntispam\\MarkocupicContaoAltchaAntispam',
     'replace' => 
    array (
    ),
     'loadAfter' => 
    array (
      0 => 'Contao\\CoreBundle\\ContaoCoreBundle',
    ),
     'loadInProduction' => true,
     'loadInDevelopment' => true,
  )),
  'Contao\\NewsletterBundle\\ContaoNewsletterBundle' => 
  \Contao\ManagerPlugin\Bundle\Config\BundleConfig::__set_state(array(
     'name' => 'Contao\\NewsletterBundle\\ContaoNewsletterBundle',
     'replace' => 
    array (
      0 => 'newsletter',
    ),
     'loadAfter' => 
    array (
      0 => 'Contao\\CoreBundle\\ContaoCoreBundle',
    ),
     'loadInProduction' => true,
     'loadInDevelopment' => true,
  )),
  'numero2\\ProperFilenamesBundle\\ProperFilenamesBundle' => 
  \Contao\ManagerPlugin\Bundle\Config\BundleConfig::__set_state(array(
     'name' => 'numero2\\ProperFilenamesBundle\\ProperFilenamesBundle',
     'replace' => 
    array (
    ),
     'loadAfter' => 
    array (
      0 => 'Contao\\CoreBundle\\ContaoCoreBundle',
    ),
     'loadInProduction' => true,
     'loadInDevelopment' => true,
  )),
  'Softleister\\BackupDbBundle\\SoftleisterBackupDbBundle' => 
  \Contao\ManagerPlugin\Bundle\Config\BundleConfig::__set_state(array(
     'name' => 'Softleister\\BackupDbBundle\\SoftleisterBackupDbBundle',
     'replace' => 
    array (
      0 => 'BackupDB',
    ),
     'loadAfter' => 
    array (
      0 => 'Contao\\CoreBundle\\ContaoCoreBundle',
    ),
     'loadInProduction' => true,
     'loadInDevelopment' => true,
  )),
  'Cgoit\\CalendarExtendedBundle\\CgoitCalendarExtendedBundle' => 
  \Contao\ManagerPlugin\Bundle\Config\BundleConfig::__set_state(array(
     'name' => 'Cgoit\\CalendarExtendedBundle\\CgoitCalendarExtendedBundle',
     'replace' => 
    array (
    ),
     'loadAfter' => 
    array (
      0 => 'Contao\\CalendarBundle\\ContaoCalendarBundle',
      1 => 'Contao\\CoreBundle\\ContaoCoreBundle',
      2 => 'MenAtWork\\MultiColumnWizardBundle\\Contao\\Widgets\\MultiColumnWizard',
    ),
     'loadInProduction' => true,
     'loadInDevelopment' => true,
  )),
  'ContaoDD\\AdvancedClassesBundle\\ContaoDDAdvancedClassesBundle' => 
  \Contao\ManagerPlugin\Bundle\Config\BundleConfig::__set_state(array(
     'name' => 'ContaoDD\\AdvancedClassesBundle\\ContaoDDAdvancedClassesBundle',
     'replace' => 
    array (
    ),
     'loadAfter' => 
    array (
      0 => 'Contao\\CoreBundle\\ContaoCoreBundle',
    ),
     'loadInProduction' => true,
     'loadInDevelopment' => true,
  )),
  'Codefog\\NewsCategoriesBundle\\CodefogNewsCategoriesBundle' => 
  \Contao\ManagerPlugin\Bundle\Config\BundleConfig::__set_state(array(
     'name' => 'Codefog\\NewsCategoriesBundle\\CodefogNewsCategoriesBundle',
     'replace' => 
    array (
      0 => 'news_categories',
    ),
     'loadAfter' => 
    array (
      0 => 'Codefog\\HasteBundle\\CodefogHasteBundle',
      1 => 'Contao\\CoreBundle\\ContaoCoreBundle',
      2 => 'Contao\\NewsBundle\\ContaoNewsBundle',
    ),
     'loadInProduction' => true,
     'loadInDevelopment' => true,
  )),
  'Cgoit\\LeadsOptinBundle\\CgoitLeadsOptinBundle' => 
  \Contao\ManagerPlugin\Bundle\Config\BundleConfig::__set_state(array(
     'name' => 'Cgoit\\LeadsOptinBundle\\CgoitLeadsOptinBundle',
     'replace' => 
    array (
      0 => 'contao-leads-optin-bundle',
    ),
     'loadAfter' => 
    array (
      0 => 'Codefog\\HasteBundle\\CodefogHasteBundle',
      1 => 'Contao\\CoreBundle\\ContaoCoreBundle',
      2 => 'Terminal42\\LeadsBundle\\Terminal42LeadsBundle',
      3 => 'Terminal42\\NotificationCenterBundle\\Terminal42NotificationCenterBundle',
    ),
     'loadInProduction' => true,
     'loadInDevelopment' => true,
  )),
  'Terminal42\\NodeBundle\\Terminal42NodeBundle' => 
  \Contao\ManagerPlugin\Bundle\Config\BundleConfig::__set_state(array(
     'name' => 'Terminal42\\NodeBundle\\Terminal42NodeBundle',
     'replace' => 
    array (
    ),
     'loadAfter' => 
    array (
      0 => 'Contao\\CoreBundle\\ContaoCoreBundle',
      1 => 'Terminal42\\Geoip2CountryBundle\\Terminal42Geoip2CountryBundle',
      2 => 'haste',
    ),
     'loadInProduction' => true,
     'loadInDevelopment' => true,
  )),
  'InspiredMinds\\ContaoEventRegistration\\ContaoEventRegistrationBundle' => 
  \Contao\ManagerPlugin\Bundle\Config\BundleConfig::__set_state(array(
     'name' => 'InspiredMinds\\ContaoEventRegistration\\ContaoEventRegistrationBundle',
     'replace' => 
    array (
    ),
     'loadAfter' => 
    array (
      0 => 'Contao\\CalendarBundle\\ContaoCalendarBundle',
      1 => 'Terminal42\\NotificationCenterBundle\\Terminal42NotificationCenterBundle',
    ),
     'loadInProduction' => true,
     'loadInDevelopment' => true,
  )),
  'BugBuster\\DlstatsExportBundle\\BugBusterContaoDlstatsExportBundle' => 
  \Contao\ManagerPlugin\Bundle\Config\BundleConfig::__set_state(array(
     'name' => 'BugBuster\\DlstatsExportBundle\\BugBusterContaoDlstatsExportBundle',
     'replace' => 
    array (
    ),
     'loadAfter' => 
    array (
      0 => 'BugBuster\\DlstatsBundle\\BugBusterDlstatsBundle',
      1 => 'Contao\\CoreBundle\\ContaoCoreBundle',
    ),
     'loadInProduction' => true,
     'loadInDevelopment' => true,
  )),
  'Codefog\\TagsBundle\\CodefogTagsBundle' => 
  \Contao\ManagerPlugin\Bundle\Config\BundleConfig::__set_state(array(
     'name' => 'Codefog\\TagsBundle\\CodefogTagsBundle',
     'replace' => 
    array (
    ),
     'loadAfter' => 
    array (
      0 => 'Codefog\\HasteBundle\\CodefogHasteBundle',
      1 => 'Contao\\CoreBundle\\ContaoCoreBundle',
    ),
     'loadInProduction' => true,
     'loadInDevelopment' => true,
  )),
  'Terminal42\\NewsNewsletterBundle\\Terminal42NewsNewsletterBundle' => 
  \Contao\ManagerPlugin\Bundle\Config\BundleConfig::__set_state(array(
     'name' => 'Terminal42\\NewsNewsletterBundle\\Terminal42NewsNewsletterBundle',
     'replace' => 
    array (
      0 => 'news_newsletter',
    ),
     'loadAfter' => 
    array (
      0 => 'Codefog\\HasteBundle\\CodefogHasteBundle',
      1 => 'Contao\\CoreBundle\\ContaoCoreBundle',
      2 => 'Contao\\NewsBundle\\ContaoNewsBundle',
      3 => 'Contao\\NewsletterBundle\\ContaoNewsletterBundle',
      4 => 'Terminal42\\NotificationCenterBundle\\Terminal42NotificationCenterBundle',
    ),
     'loadInProduction' => true,
     'loadInDevelopment' => true,
  )),
  'Pdir\\MaeEventCategoriesBundle\\PdirMaeEventCategoriesBundle' => 
  \Contao\ManagerPlugin\Bundle\Config\BundleConfig::__set_state(array(
     'name' => 'Pdir\\MaeEventCategoriesBundle\\PdirMaeEventCategoriesBundle',
     'replace' => 
    array (
      0 => 'mae_event_categories',
    ),
     'loadAfter' => 
    array (
      0 => 'Contao\\CalendarBundle\\ContaoCalendarBundle',
      1 => 'Contao\\CoreBundle\\ContaoCoreBundle',
    ),
     'loadInProduction' => true,
     'loadInDevelopment' => true,
  )),
  'Diversworld\\CalendarEditorBundle\\CalendarEditorBundle' => 
  \Contao\ManagerPlugin\Bundle\Config\BundleConfig::__set_state(array(
     'name' => 'Diversworld\\CalendarEditorBundle\\CalendarEditorBundle',
     'replace' => 
    array (
    ),
     'loadAfter' => 
    array (
      0 => 'Contao\\CalendarBundle\\ContaoCalendarBundle',
      1 => 'Contao\\CoreBundle\\ContaoCoreBundle',
      2 => 'MenAtWork\\MultiColumnWizard',
    ),
     'loadInProduction' => true,
     'loadInDevelopment' => true,
  )),
  'Contao\\CommentsBundle\\ContaoCommentsBundle' => 
  \Contao\ManagerPlugin\Bundle\Config\BundleConfig::__set_state(array(
     'name' => 'Contao\\CommentsBundle\\ContaoCommentsBundle',
     'replace' => 
    array (
      0 => 'comments',
    ),
     'loadAfter' => 
    array (
      0 => 'Contao\\CalendarBundle\\ContaoCalendarBundle',
      1 => 'Contao\\CoreBundle\\ContaoCoreBundle',
      2 => 'Contao\\FaqBundle\\ContaoFaqBundle',
      3 => 'Contao\\NewsBundle\\ContaoNewsBundle',
    ),
     'loadInProduction' => true,
     'loadInDevelopment' => true,
  )),
  'Cgoit\\FormFillPdfBundle\\CgoitFormFillPdfBundle' => 
  \Contao\ManagerPlugin\Bundle\Config\BundleConfig::__set_state(array(
     'name' => 'Cgoit\\FormFillPdfBundle\\CgoitFormFillPdfBundle',
     'replace' => 
    array (
    ),
     'loadAfter' => 
    array (
      0 => 'Contao\\CoreBundle\\ContaoCoreBundle',
      1 => 'Terminal42\\LeadsBundle\\Terminal42LeadsBundle',
    ),
     'loadInProduction' => true,
     'loadInDevelopment' => true,
  )),
  'Cgoit\\CmaceBundle\\CgoitCmaceBundle' => 
  \Contao\ManagerPlugin\Bundle\Config\BundleConfig::__set_state(array(
     'name' => 'Cgoit\\CmaceBundle\\CgoitCmaceBundle',
     'replace' => 
    array (
    ),
     'loadAfter' => 
    array (
      0 => 'Contao\\CalendarBundle\\ContaoCalendarBundle',
      1 => 'Contao\\CoreBundle\\ContaoCoreBundle',
    ),
     'loadInProduction' => true,
     'loadInDevelopment' => true,
  )),
  'ContaoThemesNet\\ThemeComponentsBundle\\ThemeComponentsBundle' => 
  \Contao\ManagerPlugin\Bundle\Config\BundleConfig::__set_state(array(
     'name' => 'ContaoThemesNet\\ThemeComponentsBundle\\ThemeComponentsBundle',
     'replace' => 
    array (
    ),
     'loadAfter' => 
    array (
      0 => 'ContaoDD\\AdvancedClassesBundle\\ContaoDDAdvancedClassesBundle',
      1 => 'Contao\\CoreBundle\\ContaoCoreBundle',
    ),
     'loadInProduction' => true,
     'loadInDevelopment' => true,
  )),
  'ContaoThemesNet\\MateThemeBundle\\ContaoThemesNetMateThemeBundle' => 
  \Contao\ManagerPlugin\Bundle\Config\BundleConfig::__set_state(array(
     'name' => 'ContaoThemesNet\\MateThemeBundle\\ContaoThemesNetMateThemeBundle',
     'replace' => 
    array (
    ),
     'loadAfter' => 
    array (
      0 => 'ContaoThemesNet\\ThemeComponentsBundle\\ThemeComponentsBundle',
      1 => 'Pdir\\ThemeHelperBundle\\ThemeHelperBundle',
    ),
     'loadInProduction' => true,
     'loadInDevelopment' => true,
  )),
);